Archive member included to satisfy reference by file (symbol)

c:/program files (x86)/atmel/studio/7.0/toolchain/arm/arm-gnu-toolchain/bin/../lib/gcc/arm-none-eabi/6.3.1/thumb/v7-m\libgcc.a(_arm_addsubdf3.o)
                              motor_controller.o (__aeabi_dadd)
c:/program files (x86)/atmel/studio/7.0/toolchain/arm/arm-gnu-toolchain/bin/../lib/gcc/arm-none-eabi/6.3.1/thumb/v7-m\libgcc.a(_arm_muldivdf3.o)
                              motor_controller.o (__aeabi_dmul)
c:/program files (x86)/atmel/studio/7.0/toolchain/arm/arm-gnu-toolchain/bin/../lib/gcc/arm-none-eabi/6.3.1/thumb/v7-m\libgcc.a(_arm_fixdfsi.o)
                              motor_controller.o (__aeabi_d2iz)
c:/program files (x86)/atmel/studio/7.0/toolchain/arm/arm-gnu-toolchain/bin/../lib/gcc/arm-none-eabi/6.3.1/thumb/v7-m\libgcc.a(_arm_fixunsdfsi.o)
                              motor_controller.o (__aeabi_d2uiz)
c:/program files (x86)/atmel/studio/7.0/toolchain/arm/arm-gnu-toolchain/bin/../lib/gcc/arm-none-eabi/6.3.1/thumb/v7-m\libgcc.a(_arm_addsubsf3.o)
                              motor_controller.o (__aeabi_i2f)
c:/program files (x86)/atmel/studio/7.0/toolchain/arm/arm-gnu-toolchain/bin/../lib/gcc/arm-none-eabi/6.3.1/thumb/v7-m\libgcc.a(_arm_muldivsf3.o)
                              motor_controller.o (__aeabi_fmul)
c:/program files (x86)/atmel/studio/7.0/toolchain/arm/arm-gnu-toolchain/bin/../lib/gcc/arm-none-eabi/6.3.1/../../../../arm-none-eabi/lib/thumb/v7-m\libc.a(lib_a-exit.o)
                              c:/program files (x86)/atmel/studio/7.0/toolchain/arm/arm-gnu-toolchain/bin/../lib/gcc/arm-none-eabi/6.3.1/../../../../arm-none-eabi/lib/thumb/v7-m/crt0.o (exit)
c:/program files (x86)/atmel/studio/7.0/toolchain/arm/arm-gnu-toolchain/bin/../lib/gcc/arm-none-eabi/6.3.1/../../../../arm-none-eabi/lib/thumb/v7-m\libc.a(lib_a-impure.o)
                              c:/program files (x86)/atmel/studio/7.0/toolchain/arm/arm-gnu-toolchain/bin/../lib/gcc/arm-none-eabi/6.3.1/../../../../arm-none-eabi/lib/thumb/v7-m\libc.a(lib_a-exit.o) (_global_impure_ptr)
c:/program files (x86)/atmel/studio/7.0/toolchain/arm/arm-gnu-toolchain/bin/../lib/gcc/arm-none-eabi/6.3.1/../../../../arm-none-eabi/lib/thumb/v7-m\libc.a(lib_a-init.o)
                              c:/program files (x86)/atmel/studio/7.0/toolchain/arm/arm-gnu-toolchain/bin/../lib/gcc/arm-none-eabi/6.3.1/../../../../arm-none-eabi/lib/thumb/v7-m/crt0.o (__libc_init_array)
c:/program files (x86)/atmel/studio/7.0/toolchain/arm/arm-gnu-toolchain/bin/../lib/gcc/arm-none-eabi/6.3.1/../../../../arm-none-eabi/lib/thumb/v7-m\libc.a(lib_a-memset.o)
                              c:/program files (x86)/atmel/studio/7.0/toolchain/arm/arm-gnu-toolchain/bin/../lib/gcc/arm-none-eabi/6.3.1/../../../../arm-none-eabi/lib/thumb/v7-m/crt0.o (memset)
c:/program files (x86)/atmel/studio/7.0/toolchain/arm/arm-gnu-toolchain/bin/../lib/gcc/arm-none-eabi/6.3.1/../../../../arm-none-eabi/lib/thumb/v7-m\libc.a(lib_a-__call_atexit.o)
                              c:/program files (x86)/atmel/studio/7.0/toolchain/arm/arm-gnu-toolchain/bin/../lib/gcc/arm-none-eabi/6.3.1/../../../../arm-none-eabi/lib/thumb/v7-m\libc.a(lib_a-exit.o) (__call_exitprocs)
c:/program files (x86)/atmel/studio/7.0/toolchain/arm/arm-gnu-toolchain/bin/../lib/gcc/arm-none-eabi/6.3.1/../../../../arm-none-eabi/lib/thumb/v7-m\libc.a(lib_a-atexit.o)
                              c:/program files (x86)/atmel/studio/7.0/toolchain/arm/arm-gnu-toolchain/bin/../lib/gcc/arm-none-eabi/6.3.1/../../../../arm-none-eabi/lib/thumb/v7-m\libc.a(lib_a-__call_atexit.o) (atexit)
c:/program files (x86)/atmel/studio/7.0/toolchain/arm/arm-gnu-toolchain/bin/../lib/gcc/arm-none-eabi/6.3.1/../../../../arm-none-eabi/lib/thumb/v7-m\libc.a(lib_a-fini.o)
                              c:/program files (x86)/atmel/studio/7.0/toolchain/arm/arm-gnu-toolchain/bin/../lib/gcc/arm-none-eabi/6.3.1/../../../../arm-none-eabi/lib/thumb/v7-m\libc.a(lib_a-__call_atexit.o) (__libc_fini_array)
c:/program files (x86)/atmel/studio/7.0/toolchain/arm/arm-gnu-toolchain/bin/../lib/gcc/arm-none-eabi/6.3.1/../../../../arm-none-eabi/lib/thumb/v7-m\libc.a(lib_a-lock.o)
                              c:/program files (x86)/atmel/studio/7.0/toolchain/arm/arm-gnu-toolchain/bin/../lib/gcc/arm-none-eabi/6.3.1/../../../../arm-none-eabi/lib/thumb/v7-m\libc.a(lib_a-__call_atexit.o) (__retarget_lock_acquire_recursive)
c:/program files (x86)/atmel/studio/7.0/toolchain/arm/arm-gnu-toolchain/bin/../lib/gcc/arm-none-eabi/6.3.1/../../../../arm-none-eabi/lib/thumb/v7-m\libc.a(lib_a-__atexit.o)
                              c:/program files (x86)/atmel/studio/7.0/toolchain/arm/arm-gnu-toolchain/bin/../lib/gcc/arm-none-eabi/6.3.1/../../../../arm-none-eabi/lib/thumb/v7-m\libc.a(lib_a-atexit.o) (__register_exitproc)

Allocating common symbols
Common symbol       size              file

__lock___atexit_recursive_mutex
[...]
Memory Configuration

Name             Origin             Length             Attributes
rom              0x00080000         0x00080000         xr
ram              0x20000000         0x00018000         xrw
*default*        0x00000000         0xffffffff

Linker script and memory map

LOAD c:/program files (x86)/atmel/studio/7.0/toolchain/arm/arm-gnu-toolchain/bin/../lib/gcc/arm-none-eabi/6.3.1/thumb/v7-m/crti.o
LOAD c:/program files (x86)/atmel/studio/7.0/toolchain/arm/arm-gnu-toolchain/bin/../lib/gcc/arm-none-eabi/6.3.1/thumb/v7-m/crtbegin.o
LOAD c:/program files (x86)/atmel/studio/7.0/toolchain/arm/arm-gnu-toolchain/bin/../lib/gcc/arm-none-eabi/6.3.1/../../../../arm-none-eabi/lib/thumb/v7-m/crt0.o
LOAD can_controller.o
LOAD can_interrupt.o
LOAD DAC_driver.o
LOAD Device_Startup/startup_sam3xa.o
LOAD Device_Startup/system_sam3xa.o
LOAD IR_driver.o
LOAD main.o
LOAD motor_controller.o
LOAD pid.o
LOAD printf-stdarg.o
LOAD pwm_driver.o
LOAD uart.o
START GROUP
LOAD c:/program files (x86)/atmel/studio/7.0/toolchain/arm/arm-gnu-toolchain/bin/../lib/gcc/arm-none-eabi/6.3.1/../../../../arm-none-eabi/lib/thumb/v7-m\libm.a
END GROUP
START GROUP
LOAD c:/program files (x86)/atmel/studio/7.0/toolchain/arm/arm-gnu-toolchain/bin/../lib/gcc/arm-none-eabi/6.3.1/thumb/v7-m\libgcc.a
LOAD c:/program files (x86)/atmel/studio/7.0/toolchain/arm/arm-gnu-toolchain/bin/../lib/gcc/arm-none-eabi/6.3.1/../../../../arm-none-eabi/lib/thumb/v7-m\libc.a
END GROUP
LOAD c:/program files (x86)/atmel/studio/7.0/toolchain/arm/arm-gnu-toolchain/bin/../lib/gcc/arm-none-eabi/6.3.1/thumb/v7-m/crtend.o
LOAD c:/program files (x86)/atmel/studio/7.0/toolchain/arm/arm-gnu-toolchain/bin/../lib/gcc/arm-none-eabi/6.3.1/thumb/v7-m/crtn.o
                0x00000400                STACK_SIZE = DEFINED (STACK_SIZE)?STACK_SIZE:0x400
                0x00000200                HEAP_SIZE = DEFINED (HEAP_SIZE)?HEAP_SIZE:0x200

.text           0x00080000     0x1d7c
                0x00080000                . = ALIGN (0x4)
                0x00080000                _sfixed = .
 *(.vectors .vectors.*)
 .vectors       0x00080000       0xf4 Device_Startup/startup_sam3xa.o
                0x00080000                exception_table
 *(.text .text.* .gnu.linkonce.t.*)
 .text          0x000800f4       0x6c c:/program files (x86)/atmel/studio/7.0/toolchain/arm/arm-gnu-toolchain/bin/../lib/gcc/arm-none-eabi/6.3.1/thumb/v7-m/crtbegin.o
 .text.can_init
                0x00080160       0xe4 can_controller.o
                0x00080160                can_init
 .text.can_init_def_tx_rx_mb
                0x00080244       0x10 can_controller.o
                0x00080244                can_init_def_tx_rx_mb
 .text.can_receive
                0x00080254       0x84 can_controller.o
                0x00080254                can_receive
 .text.update_P1000
                0x000802d8        0xe can_controller.o
                0x000802d8                update_P1000
 *fill*         0x000802e6        0x2 
 .text.CAN0_Handler
                0x000802e8       0x80 can_interrupt.o
                0x000802e8                CAN0_Handler
 .text.DACC_init
                0x00080368       0x34 DAC_driver.o
                0x00080368                DACC_init
 .text.Dummy_Handler
                0x0008039c        0x2 Device_Startup/startup_sam3xa.o
                0x0008039c                DACC_Handler
                0x0008039c                DebugMon_Handler
                0x0008039c                DMAC_Handler
                0x0008039c                TRNG_Handler
                0x0008039c                HardFault_Handler
                0x0008039c                TC2_Handler
                0x0008039c                SysTick_Handler
                0x0008039c                USART3_Handler
                0x0008039c                TWI1_Handler
                0x0008039c                PendSV_Handler
                0x0008039c                NMI_Handler
                0x0008039c                TC7_Handler
                0x0008039c                ADC_Handler
                0x0008039c                SMC_Handler
                0x0008039c                USART0_Handler
                0x0008039c                RTT_Handler
                0x0008039c                EFC1_Handler
                0x0008039c                PIOB_Handler
                0x0008039c                RTC_Handler
                0x0008039c                UsageFault_Handler
                0x0008039c                TC6_Handler
                0x0008039c                WDT_Handler
                0x0008039c                TC4_Handler
                0x0008039c                TC1_Handler
                0x0008039c                HSMCI_Handler
                0x0008039c                TC3_Handler
                0x0008039c                Dummy_Handler
                0x0008039c                TWI0_Handler
                0x0008039c                USART1_Handler
                0x0008039c                PIOA_Handler
                0x0008039c                SSC_Handler
                0x0008039c                EFC0_Handler
                0x0008039c                PMC_Handler
                0x0008039c                PWM_Handler
                0x0008039c                CAN1_Handler
                0x0008039c                MemManage_Handler
                0x0008039c                SUPC_Handler
                0x0008039c                SVC_Handler
                0x0008039c                TC8_Handler
                0x0008039c                USART2_Handler
                0x0008039c                PIOD_Handler
                0x0008039c                EMAC_Handler
                0x0008039c                PIOC_Handler
                0x0008039c                BusFault_Handler
                0x0008039c                RSTC_Handler
                0x0008039c                TC0_Handler
                0x0008039c                TC5_Handler
                0x0008039c                UOTGHS_Handler
                0x0008039c                SPI0_Handler
 *fill*         0x0008039e        0x2 
 .text.Reset_Handler
                0x000803a0       0x6c Device_Startup/startup_sam3xa.o
                0x000803a0                Reset_Handler
 .text.SystemInit
                0x0008040c       0xa4 Device_Startup/system_sam3xa.o
                0x0008040c                SystemInit
 .text.peripheral_init_adc
                0x000804b0       0x20 IR_driver.o
                0x000804b0                peripheral_init_adc
 .text.ADC_init
                0x000804d0       0x44 IR_driver.o
                0x000804d0                ADC_init
 .text.IR_read  0x00080514       0x18 IR_driver.o
                0x00080514                IR_read
 .text.check_for_score
                0x0008052c       0x3c IR_driver.o
                0x0008052c                check_for_score
 .text.main     0x00080568       0xa0 main.o
                0x00080568                main
 .text.Delay    0x00080608       0x38 motor_controller.o
                0x00080608                Delay
 .text.motor_init
                0x00080640       0x5c motor_controller.o
                0x00080640                motor_init
 .text.read_encoder
                0x0008069c       0x54 motor_controller.o
                0x0008069c                read_encoder
 .text.move_to_setpoint
                0x000806f0      0x154 motor_controller.o
                0x000806f0                move_to_setpoint
 .text.reset_encoder
                0x00080844       0x24 motor_controller.o
                0x00080844                reset_encoder
 .text.init_motor_position
                0x00080868       0x3c motor_controller.o
                0x00080868                init_motor_position
 .text.pid_Init
                0x000808a4       0x2a pid.o
                0x000808a4                pid_Init
 *fill*         0x000808ce        0x2 
 .text.pid_Controller
                0x000808d0       0x80 pid.o
                0x000808d0                pid_Controller
 .text.printchar
                0x00080950       0x10 printf-stdarg.o
 .text.prints   0x00080960       0x84 printf-stdarg.o
 .text.printi   0x000809e4       0xac printf-stdarg.o
 .text.print    0x00080a90      0x150 printf-stdarg.o
 .text.printf   0x00080be0       0x24 printf-stdarg.o
                0x00080be0                printf
 .text.peripheral_init_pwm
                0x00080c04       0x2c pwm_driver.o
                0x00080c04                peripheral_init_pwm
 .text.pwm_init
                0x00080c30       0x6c pwm_driver.o
                0x00080c30                pwm_init
 .text.pwm_duty_update
                0x00080c9c       0x30 pwm_driver.o
                0x00080c9c                pwm_duty_update
 .text.joystick_input
                0x00080ccc       0x50 pwm_driver.o
                0x00080ccc                joystick_input
 .text.configure_uart
                0x00080d1c       0x68 uart.o
                0x00080d1c                configure_uart
 .text.uart_putchar
                0x00080d84       0x24 uart.o
                0x00080d84                uart_putchar
 .text.UART_Handler
                0x00080da8       0x68 uart.o
                0x00080da8                UART_Handler
 .text          0x00080e10      0x370 c:/program files (x86)/atmel/studio/7.0/toolchain/arm/arm-gnu-toolchain/bin/../lib/gcc/arm-none-eabi/6.3.1/thumb/v7-m\libgcc.a(_arm_addsubdf3.o)
                0x00080e10                __aeabi_drsub
                0x00080e18                __aeabi_dsub
                0x00080e18                __subdf3
                0x00080e1c                __aeabi_dadd
                0x00080e1c                __adddf3
                0x00081094                __floatunsidf
                0x00081094                __aeabi_ui2d
                0x000810b4                __floatsidf
                0x000810b4                __aeabi_i2d
                0x000810d8                __aeabi_f2d
                0x000810d8                __extendsfdf2
                0x00081114                __floatundidf
                0x00081114                __aeabi_ul2d
                0x00081124                __floatdidf
                0x00081124                __aeabi_l2d
 .text          0x00081180      0x424 c:/program files (x86)/atmel/studio/7.0/toolchain/arm/arm-gnu-toolchain/bin/../lib/gcc/arm-none-eabi/6.3.1/thumb/v7-m\libgcc.a(_arm_muldivdf3.o)
                0x00081180                __aeabi_dmul
                0x00081180                __muldf3
                0x000813d4                __divdf3
                0x000813d4                __aeabi_ddiv
 .text          0x000815a4       0x50 c:/program files (x86)/atmel/studio/7.0/toolchain/arm/arm-gnu-toolchain/bin/../lib/gcc/arm-none-eabi/6.3.1/thumb/v7-m\libgcc.a(_arm_fixdfsi.o)
                0x000815a4                __aeabi_d2iz
                0x000815a4                __fixdfsi
 .text          0x000815f4       0x40 c:/program files (x86)/atmel/studio/7.0/toolchain/arm/arm-gnu-toolchain/bin/../lib/gcc/arm-none-eabi/6.3.1/thumb/v7-m\libgcc.a(_arm_fixunsdfsi.o)
                0x000815f4                __aeabi_d2uiz
                0x000815f4                __fixunsdfsi
 .text          0x00081634      0x21c c:/program files (x86)/atmel/studio/7.0/toolchain/arm/arm-gnu-toolchain/bin/../lib/gcc/arm-none-eabi/6.3.1/thumb/v7-m\libgcc.a(_arm_addsubsf3.o)
                0x00081634                __aeabi_frsub
                0x0008163c                __subsf3
                0x0008163c                __aeabi_fsub
                0x00081640                __aeabi_fadd
                0x00081640                __addsf3
                0x000817a0                __aeabi_ui2f
                0x000817a0                __floatunsisf
                0x000817a8                __aeabi_i2f
                0x000817a8                __floatsisf
                0x000817c4                __aeabi_ul2f
                0x000817c4                __floatundisf
                0x000817d4                __aeabi_l2f
                0x000817d4                __floatdisf
 .text          0x00081850      0x2a0 c:/program files (x86)/atmel/studio/7.0/toolchain/arm/arm-gnu-toolchain/bin/../lib/gcc/arm-none-eabi/6.3.1/thumb/v7-m\libgcc.a(_arm_muldivsf3.o)
                0x00081850                __mulsf3
                0x00081850                __aeabi_fmul
                0x000819b8                __aeabi_fdiv
                0x000819b8                __divsf3
 .text.__libc_init_array
                0x00081af0       0x50 c:/program files (x86)/atmel/studio/7.0/toolchain/arm/arm-gnu-toolchain/bin/../lib/gcc/arm-none-eabi/6.3.1/../../../../arm-none-eabi/lib/thumb/v7-m\libc.a(lib_a-init.o)
                0x00081af0                __libc_init_array
 .text.startup.register_fini
                0x00081b40       0x14 c:/program files (x86)/atmel/studio/7.0/toolchain/arm/arm-gnu-toolchain/bin/../lib/gcc/arm-none-eabi/6.3.1/../../../../arm-none-eabi/lib/thumb/v7-m\libc.a(lib_a-__call_atexit.o)
 .text.atexit   0x00081b54        0xc c:/program files (x86)/atmel/studio/7.0/toolchain/arm/arm-gnu-toolchain/bin/../lib/gcc/arm-none-eabi/6.3.1/../../../../arm-none-eabi/lib/thumb/v7-m\libc.a(lib_a-atexit.o)
                0x00081b54                atexit
 .text.__libc_fini_array
                0x00081b60       0x34 c:/program files (x86)/atmel/studio/7.0/toolchain/arm/arm-gnu-toolchain/bin/../lib/gcc/arm-none-eabi/6.3.1/../../../../arm-none-eabi/lib/thumb/v7-m\libc.a(lib_a-fini.o)
                0x00081b60                __libc_fini_array
 .text.__retarget_lock_acquire_recursive
                0x00081b94        0x4 c:/program files (x86)/atmel/studio/7.0/toolchain/arm/arm-gnu-toolchain/bin/../lib/gcc/arm-none-eabi/6.3.1/../../../../arm-none-eabi/lib/thumb/v7-m\libc.a(lib_a-lock.o)
                0x00081b94                __retarget_lock_acquire_recursive
 .text.__retarget_lock_release_recursive
                0x00081b98        0x4 c:/program files (x86)/atmel/studio/7.0/toolchain/arm/arm-gnu-toolchain/bin/../lib/gcc/arm-none-eabi/6.3.1/../../../../arm-none-eabi/lib/thumb/v7-m\libc.a(lib_a-lock.o)
                0x00081b98                __retarget_lock_release_recursive
 .text.__register_exitproc
                0x00081b9c       0xc4 c:/program files (x86)/atmel/studio/7.0/toolchain/arm/arm-gnu-toolchain/bin/../lib/gcc/arm-none-eabi/6.3.1/../../../../arm-none-eabi/lib/thumb/v7-m\libc.a(lib_a-__atexit.o)
                0x00081b9c                __register_exitproc
 *(.glue_7t)
 .glue_7t       0x00081c60        0x0 linker stubs
 *(.glue_7)
 .glue_7        0x00081c60        0x0 linker stubs
 *(.rodata .rodata* .gnu.linkonce.r.*)
 .rodata.str1.4
                0x00081c60       0x2b can_interrupt.o
 *fill*         0x00081c8b        0x1 
 .rodata.str1.4
                0x00081c8c       0x12 IR_driver.o
 *fill*         0x00081c9e        0x2 
 .rodata.str1.4
                0x00081ca0       0x3a motor_controller.o
 *fill*         0x00081cda        0x2 
 .rodata.str1.4
                0x00081cdc        0x7 printf-stdarg.o
 *fill*         0x00081ce3        0x1 
 .rodata.str1.4
                0x00081ce4       0x4d pwm_driver.o
 *fill*         0x00081d31        0x3 
 .rodata.str1.4
                0x00081d34       0x20 uart.o
                                 0x1e (size before relaxing)
 .rodata._global_impure_ptr
                0x00081d54        0x4 c:/program files (x86)/atmel/studio/7.0/toolchain/arm/arm-gnu-toolchain/bin/../lib/gcc/arm-none-eabi/6.3.1/../../../../arm-none-eabi/lib/thumb/v7-m\libc.a(lib_a-impure.o)
                0x00081d54                _global_impure_ptr
 *(.ARM.extab* .gnu.linkonce.armextab.*)
                0x00081d58                . = ALIGN (0x4)
 *(.init)
 .init          0x00081d58        0x4 c:/program files (x86)/atmel/studio/7.0/toolchain/arm/arm-gnu-toolchain/bin/../lib/gcc/arm-none-eabi/6.3.1/thumb/v7-m/crti.o
                0x00081d58                _init
 .init          0x00081d5c        0x8 c:/program files (x86)/atmel/studio/7.0/toolchain/arm/arm-gnu-toolchain/bin/../lib/gcc/arm-none-eabi/6.3.1/thumb/v7-m/crtn.o
                0x00081d64                . = ALIGN (0x4)
                0x00081d64                __preinit_array_start = .
 *(.preinit_array)
                0x00081d64                __preinit_array_end = .
                0x00081d64                . = ALIGN (0x4)
                0x00081d64                __init_array_start = .
 *(SORT(.init_array.*))
 .init_array.00000
                0x00081d64        0x4 c:/program files (x86)/atmel/studio/7.0/toolchain/arm/arm-gnu-toolchain/bin/../lib/gcc/arm-none-eabi/6.3.1/../../../../arm-none-eabi/lib/thumb/v7-m\libc.a(lib_a-__call_atexit.o)
 *(.init_array)
 .init_array    0x00081d68        0x4 c:/program files (x86)/atmel/studio/7.0/toolchain/arm/arm-gnu-toolchain/bin/../lib/gcc/arm-none-eabi/6.3.1/thumb/v7-m/crtbegin.o
                0x00081d6c                __init_array_end = .
                0x00081d6c                . = ALIGN (0x4)
 *crtbegin.o(.ctors)
 *(EXCLUDE_FILE(*crtend.o) .ctors)
 *(SORT(.ctors.*))
 *crtend.o(.ctors)
                0x00081d6c                . = ALIGN (0x4)
 *(.fini)
 .fini          0x00081d6c        0x4 c:/program files (x86)/atmel/studio/7.0/toolchain/arm/arm-gnu-toolchain/bin/../lib/gcc/arm-none-eabi/6.3.1/thumb/v7-m/crti.o
                0x00081d6c                _fini
 .fini          0x00081d70        0x8 c:/program files (x86)/atmel/studio/7.0/toolchain/arm/arm-gnu-toolchain/bin/../lib/gcc/arm-none-eabi/6.3.1/thumb/v7-m/crtn.o
                0x00081d78                . = ALIGN (0x4)
                0x00081d78                __fini_array_start = .
 *(.fini_array)
 .fini_array    0x00081d78        0x4 c:/program files (x86)/atmel/studio/7.0/toolchain/arm/arm-gnu-toolchain/bin/../lib/gcc/arm-none-eabi/6.3.1/thumb/v7-m/crtbegin.o
 *(SORT(.fini_array.*))
                0x00081d7c                __fini_array_end = .
 *crtbegin.o(.dtors)
 *(EXCLUDE_FILE(*crtend.o) .dtors)
 *(SORT(.dtors.*))
 *crtend.o(.dtors)
                0x00081d7c                . = ALIGN (0x4)
                0x00081d7c                _efixed = .
                [!provide]                PROVIDE (__exidx_start, .)

.vfp11_veneer   0x00081d7c        0x0
 .vfp11_veneer  0x00081d7c        0x0 linker stubs

.v4_bx          0x00081d7c        0x0
 .v4_bx         0x00081d7c        0x0 linker stubs

.iplt           0x00081d7c        0x0
 .iplt          0x00081d7c        0x0 c:/program files (x86)/atmel/studio/7.0/toolchain/arm/arm-gnu-toolchain/bin/../lib/gcc/arm-none-eabi/6.3.1/thumb/v7-m/crtbegin.o

.eh_frame       0x00081d7c        0x0
 .eh_frame      0x00081d7c        0x0 c:/program files (x86)/atmel/studio/7.0/toolchain/arm/arm-gnu-toolchain/bin/../lib/gcc/arm-none-eabi/6.3.1/thumb/v7-m/crtbegin.o

.rel.dyn        0x00081d7c        0x0
 .rel.iplt      0x00081d7c        0x0 c:/program files (x86)/atmel/studio/7.0/toolchain/arm/arm-gnu-toolchain/bin/../lib/gcc/arm-none-eabi/6.3.1/thumb/v7-m/crtbegin.o

.jcr            0x00081d7c        0x0
 .jcr           0x00081d7c        0x0 c:/program files (x86)/atmel/studio/7.0/toolchain/arm/arm-gnu-toolchain/bin/../lib/gcc/arm-none-eabi/6.3.1/thumb/v7-m/crtbegin.o

.igot.plt       0x00081d7c        0x0
 .igot.plt      0x00081d7c        0x0 c:/program files (x86)/atmel/studio/7.0/toolchain/arm/arm-gnu-toolchain/bin/../lib/gcc/arm-none-eabi/6.3.1/thumb/v7-m/crtbegin.o

.ARM.exidx
 *(.ARM.exidx* .gnu.linkonce.armexidx.*)
                [!provide]                PROVIDE (__exidx_end, .)
                0x00081d7c                . = ALIGN (0x4)
                0x00081d7c                _etext = .

.relocate       0x20000000      0x434 load address 0x00081d7c
                0x20000000                . = ALIGN (0x4)
                0x20000000                _srelocate = .
 *(.ramfunc .ramfunc.*)
 *(.data .data.*)
 .data          0x20000000        0x4 Device_Startup/system_sam3xa.o
                0x20000000                SystemCoreClock
 *fill*         0x20000004        0x4 
 .data.impure_data
                0x20000008      0x428 c:/program files (x86)/atmel/studio/7.0/toolchain/arm/arm-gnu-toolchain/bin/../lib/gcc/arm-none-eabi/6.3.1/../../../../arm-none-eabi/lib/thumb/v7-m\libc.a(lib_a-impure.o)
 .data.__atexit_recursive_mutex
                0x20000430        0x4 c:/program files (x86)/atmel/studio/7.0/toolchain/arm/arm-gnu-toolchain/bin/../lib/gcc/arm-none-eabi/6.3.1/../../../../arm-none-eabi/lib/thumb/v7-m\libc.a(lib_a-__call_atexit.o)
                0x20000430                __atexit_recursive_mutex
                0x20000434                . = ALIGN (0x4)
                0x20000434                _erelocate = .

.bss            0x20000434       0xa4 load address 0x000821b0
                0x20000434                . = ALIGN (0x4)
                0x20000434                _sbss = .
                0x20000434                _szero = .
 *(.bss .bss.*)
 .bss           0x20000434       0x1c c:/program files (x86)/atmel/studio/7.0/toolchain/arm/arm-gnu-toolchain/bin/../lib/gcc/arm-none-eabi/6.3.1/thumb/v7-m/crtbegin.o
 *(COMMON)
 COMMON         0x20000450        0xc can_interrupt.o
                0x20000450                P1000_data
 COMMON         0x2000045c       0x14 motor_controller.o
                0x2000045c                pid
 COMMON         0x20000470       0x42 uart.o
                0x20000470                rx_buffer
 *fill*         0x200004b2        0x2 
 COMMON         0x200004b4       0x21 c:/program files (x86)/atmel/studio/7.0/toolchain/arm/arm-gnu-toolchain/bin/../lib/gcc/arm-none-eabi/6.3.1/../../../../arm-none-eabi/lib/thumb/v7-m\libc.a(lib_a-lock.o)
                0x200004b4                __lock___atexit_recursive_mutex
                0x200004b8                __lock___arc4random_mutex
                0x200004bc                __lock___env_recursive_mutex
                0x200004c0                __lock___sinit_recursive_mutex
                0x200004c4                __lock___malloc_recursive_mutex
                0x200004c8                __lock___at_quick_exit_mutex
                0x200004cc                __lock___dd_hash_mutex
                0x200004d0                __lock___tz_mutex
                0x200004d4                __lock___sfp_recursive_mutex
                0x200004d8                . = ALIGN (0x4)
 *fill*         0x200004d5        0x3 
                0x200004d8                _ebss = .
                0x200004d8                _ezero = .

.stack          0x200004d8      0x400 load address 0x00082254
                0x200004d8                . = ALIGN (0x8)
                0x200004d8                _sstack = .
                0x200008d8                . = (. + STACK_SIZE)
 *fill*         0x200004d8      0x400 
                0x200008d8                . = ALIGN (0x8)
                0x200008d8                _estack = .

.heap           0x200008d8      0x200 load address 0x00082654
                0x200008d8                . = ALIGN (0x8)
                0x200008d8                _sheap = .
                0x20000ad8                . = (. + HEAP_SIZE)
 *fill*         0x200008d8      0x200 
                0x20000ad8                . = ALIGN (0x8)
                0x20000ad8                _eheap = .
                0x20000ad8                . = ALIGN (0x4)
                0x20000ad8                _end = .
                0x20017fff                _ram_end_ = ((ORIGIN (ram) + LENGTH (ram)) - 0x1)
OUTPUT(ArduinoNode.elf elf32-littlearm)

.ARM.attributes
                0x00000000       0x29
 .ARM.attributes
                0x00000000       0x1d c:/program files (x86)/atmel/studio/7.0/toolchain/arm/arm-gnu-toolchain/bin/../lib/gcc/arm-none-eabi/6.3.1/thumb/v7-m/crti.o
 .ARM.attributes
                0x0000001d       0x2d c:/program files (x86)/atmel/studio/7.0/toolchain/arm/arm-gnu-toolchain/bin/../lib/gcc/arm-none-eabi/6.3.1/thumb/v7-m/crtbegin.o
 .ARM.attributes
                0x0000004a       0x33 can_controller.o
 .ARM.attributes
                0x0000007d       0x33 can_interrupt.o
 .ARM.attributes
                0x000000b0       0x33 DAC_driver.o
 .ARM.attributes
                0x000000e3       0x33 Device_Startup/startup_sam3xa.o
 .ARM.attributes
                0x00000116       0x33 Device_Startup/system_sam3xa.o
 .ARM.attributes
                0x00000149       0x33 IR_driver.o
 .ARM.attributes
                0x0000017c       0x33 main.o
 .ARM.attributes
                0x000001af       0x33 motor_controller.o
 .ARM.attributes
                0x000001e2       0x33 pid.o
 .ARM.attributes
                0x00000215       0x33 printf-stdarg.o
 .ARM.attributes
                0x00000248       0x33 pwm_driver.o
 .ARM.attributes
                0x0000027b       0x33 uart.o
 .ARM.attributes
                0x000002ae       0x1d c:/program files (x86)/atmel/studio/7.0/toolchain/arm/arm-gnu-toolchain/bin/../lib/gcc/arm-none-eabi/6.3.1/thumb/v7-m\libgcc.a(_arm_addsubdf3.o)
 .ARM.attributes
                0x000002cb       0x1d c:/program files (x86)/atmel/studio/7.0/toolchain/arm/arm-gnu-toolchain/bin/../lib/gcc/arm-none-eabi/6.3.1/thumb/v7-m\libgcc.a(_arm_muldivdf3.o)
 .ARM.attributes
                0x000002e8       0x1d c:/program files (x86)/atmel/studio/7.0/toolchain/arm/arm-gnu-toolchain/bin/../lib/gcc/arm-none-eabi/6.3.1/thumb/v7-m\libgcc.a(_arm_fixdfsi.o)
 .ARM.attributes
                0x00000305       0x1d c:/program files (x86)/atmel/studio/7.0/toolchain/arm/arm-gnu-toolchain/bin/../lib/gcc/arm-none-eabi/6.3.1/thumb/v7-m\libgcc.a(_arm_fixunsdfsi.o)
 .ARM.attributes
                0x00000322       0x1d c:/program files (x86)/atmel/studio/7.0/toolchain/arm/arm-gnu-toolchain/bin/../lib/gcc/arm-none-eabi/6.3.1/thumb/v7-m\libgcc.a(_arm_addsubsf3.o)
 .ARM.attributes
                0x0000033f       0x1d c:/program files (x86)/atmel/studio/7.0/toolchain/arm/arm-gnu-toolchain/bin/../lib/gcc/arm-none-eabi/6.3.1/thumb/v7-m\libgcc.a(_arm_muldivsf3.o)
 .ARM.attributes
                0x0000035c       0x2d c:/program files (x86)/atmel/studio/7.0/toolchain/arm/arm-gnu-toolchain/bin/../lib/gcc/arm-none-eabi/6.3.1/../../../../arm-none-eabi/lib/thumb/v7-m\libc.a(lib_a-impure.o)
 .ARM.attributes
                0x00000389       0x2d c:/program files (x86)/atmel/studio/7.0/toolchain/arm/arm-gnu-toolchain/bin/../lib/gcc/arm-none-eabi/6.3.1/../../../../arm-none-eabi/lib/thumb/v7-m\libc.a(lib_a-init.o)
 .ARM.attributes
                0x000003b6       0x2d c:/program files (x86)/atmel/studio/7.0/toolchain/arm/arm-gnu-toolchain/bin/../lib/gcc/arm-none-eabi/6.3.1/../../../../arm-none-eabi/lib/thumb/v7-m\libc.a(lib_a-__call_atexit.o)
 .ARM.attributes
                0x000003e3       0x2d c:/program files (x86)/atmel/studio/7.0/toolchain/arm/arm-gnu-toolchain/bin/../lib/gcc/arm-none-eabi/6.3.1/../../../../arm-none-eabi/lib/thumb/v7-m\libc.a(lib_a-atexit.o)
 .ARM.attributes
                0x00000410       0x2d c:/program files (x86)/atmel/studio/7.0/toolchain/arm/arm-gnu-toolchain/bin/../lib/gcc/arm-none-eabi/6.3.1/../../../../arm-none-eabi/lib/thumb/v7-m\libc.a(lib_a-fini.o)
 .ARM.attributes
                0x0000043d       0x2d c:/program files (x86)/atmel/studio/7.0/toolchain/arm/arm-gnu-toolchain/bin/../lib/gcc/arm-none-eabi/6.3.1/../../../../arm-none-eabi/lib/thumb/v7-m\libc.a(lib_a-lock.o)
 .ARM.attributes
                0x0000046a       0x2d c:/program files (x86)/atmel/studio/7.0/toolchain/arm/arm-gnu-toolchain/bin/../lib/gcc/arm-none-eabi/6.3.1/../../../../arm-none-eabi/lib/thumb/v7-m\libc.a(lib_a-__atexit.o)
 .ARM.attributes
                0x00000497       0x1d c:/program files (x86)/atmel/studio/7.0/toolchain/arm/arm-gnu-toolchain/bin/../lib/gcc/arm-none-eabi/6.3.1/thumb/v7-m/crtn.o

.comment        0x00000000       0x59
 .comment       0x00000000       0x59 can_controller.o
                                 0x5a (size before relaxing)
 .comment       0x00000059       0x5a can_interrupt.o
 .comment       0x00000059       0x5a DAC_driver.o
 .comment       0x00000059       0x5a Device_Startup/startup_sam3xa.o
 .comment       0x00000059       0x5a Device_Startup/system_sam3xa.o
 .comment       0x00000059       0x5a IR_driver.o
 .comment       0x00000059       0x5a main.o
 .comment       0x00000059       0x5a motor_controller.o
 .comment       0x00000059       0x5a pid.o
 .comment       0x00000059       0x5a printf-stdarg.o
 .comment       0x00000059       0x5a pwm_driver.o
 .comment       0x00000059       0x5a uart.o

.debug_info     0x00000000     0x6daa
 .debug_info    0x00000000      0xde4 can_controller.o
 .debug_info    0x00000de4      0xfff can_interrupt.o
 .debug_info    0x00001de3      0x538 DAC_driver.o
 .debug_info    0x0000231b      0x74e Device_Startup/startup_sam3xa.o
 .debug_info    0x00002a69      0x444 Device_Startup/system_sam3xa.o
 .debug_info    0x00002ead      0x9e9 IR_driver.o
 .debug_info    0x00003896      0x7c0 main.o
 .debug_info    0x00004056      0xc4d motor_controller.o
 .debug_info    0x00004ca3      0x240 pid.o
 .debug_info    0x00004ee3      0x60b printf-stdarg.o
 .debug_info    0x000054ee      0xc71 pwm_driver.o
 .debug_info    0x0000615f      0xc4b uart.o

.debug_abbrev   0x00000000     0x133f
 .debug_abbrev  0x00000000      0x23b can_controller.o
 .debug_abbrev  0x0000023b      0x2cc can_interrupt.o
 .debug_abbrev  0x00000507       0xbf DAC_driver.o
 .debug_abbrev  0x000005c6      0x153 Device_Startup/startup_sam3xa.o
 .debug_abbrev  0x00000719      0x102 Device_Startup/system_sam3xa.o
 .debug_abbrev  0x0000081b      0x16f IR_driver.o
 .debug_abbrev  0x0000098a      0x15e main.o
 .debug_abbrev  0x00000ae8      0x20a motor_controller.o
 .debug_abbrev  0x00000cf2       0xfc pid.o
 .debug_abbrev  0x00000dee      0x194 printf-stdarg.o
 .debug_abbrev  0x00000f82      0x182 pwm_driver.o
 .debug_abbrev  0x00001104      0x23b uart.o

.debug_loc      0x00000000     0x126e
 .debug_loc     0x00000000      0x2b5 can_controller.o
 .debug_loc     0x000002b5       0x7f can_interrupt.o
 .debug_loc     0x00000334       0x78 Device_Startup/startup_sam3xa.o
 .debug_loc     0x000003ac       0x7a IR_driver.o
 .debug_loc     0x00000426       0x2c main.o
 .debug_loc     0x00000452      0x231 motor_controller.o
 .debug_loc     0x00000683      0x1c3 pid.o
 .debug_loc     0x00000846      0x8d2 printf-stdarg.o
 .debug_loc     0x00001118       0x88 pwm_driver.o
 .debug_loc     0x000011a0       0xce uart.o

.debug_aranges  0x00000000      0x288
 .debug_aranges
                0x00000000       0x40 can_controller.o
 .debug_aranges
                0x00000040       0x20 can_interrupt.o
 .debug_aranges
                0x00000060       0x20 DAC_driver.o
 .debug_aranges
                0x00000080       0x28 Device_Startup/startup_sam3xa.o
 .debug_aranges
                0x000000a8       0x30 Device_Startup/system_sam3xa.o
 .debug_aranges
                0x000000d8       0x38 IR_driver.o
 .debug_aranges
                0x00000110       0x38 main.o
 .debug_aranges
                0x00000148       0x50 motor_controller.o
 .debug_aranges
                0x00000198       0x30 pid.o
 .debug_aranges
                0x000001c8       0x50 printf-stdarg.o
 .debug_aranges
                0x00000218       0x38 pwm_driver.o
 .debug_aranges
                0x00000250       0x38 uart.o

.debug_ranges   0x00000000      0x1f8
 .debug_ranges  0x00000000       0x30 can_controller.o
 .debug_ranges  0x00000030       0x28 can_interrupt.o
 .debug_ranges  0x00000058       0x10 DAC_driver.o
 .debug_ranges  0x00000068       0x18 Device_Startup/startup_sam3xa.o
 .debug_ranges  0x00000080       0x20 Device_Startup/system_sam3xa.o
 .debug_ranges  0x000000a0       0x28 IR_driver.o
 .debug_ranges  0x000000c8       0x28 main.o
 .debug_ranges  0x000000f0       0x40 motor_controller.o
 .debug_ranges  0x00000130       0x20 pid.o
 .debug_ranges  0x00000150       0x58 printf-stdarg.o
 .debug_ranges  0x000001a8       0x28 pwm_driver.o
 .debug_ranges  0x000001d0       0x28 uart.o

.debug_macro    0x00000000    0x12c86
 .debug_macro   0x00000000      0x37f can_controller.o
 .debug_macro   0x0000037f      0x8b0 can_controller.o
 .debug_macro   0x00000c2f       0x22 can_controller.o
 .debug_macro   0x00000c51       0x87 can_controller.o
 .debug_macro   0x00000cd8       0x51 can_controller.o
 .debug_macro   0x00000d29       0xef can_controller.o
 .debug_macro   0x00000e18       0x6a can_controller.o
 .debug_macro   0x00000e82      0x1df can_controller.o
 .debug_macro   0x00001061       0x26 can_controller.o
 .debug_macro   0x00001087       0x1c can_controller.o
 .debug_macro   0x000010a3       0x22 can_controller.o
 .debug_macro   0x000010c5       0xc3 can_controller.o
 .debug_macro   0x00001188      0xe49 can_controller.o
 .debug_macro   0x00001fd1      0x11f can_controller.o
 .debug_macro   0x000020f0      0xa7d can_controller.o
 .debug_macro   0x00002b6d      0x55a can_controller.o
 .debug_macro   0x000030c7      0x1a8 can_controller.o
 .debug_macro   0x0000326f      0x30b can_controller.o
 .debug_macro   0x0000357a      0x709 can_controller.o
 .debug_macro   0x00003c83       0xd6 can_controller.o
 .debug_macro   0x00003d59      0x56c can_controller.o
 .debug_macro   0x000042c5       0x1c can_controller.o
 .debug_macro   0x000042e1      0x678 can_controller.o
 .debug_macro   0x00004959      0x51e can_controller.o
 .debug_macro   0x00004e77       0xbe can_controller.o
 .debug_macro   0x00004f35     0x2333 can_controller.o
 .debug_macro   0x00007268      0x7d1 can_controller.o
 .debug_macro   0x00007a39      0xdbb can_controller.o
 .debug_macro   0x000087f4       0x9a can_controller.o
 .debug_macro   0x0000888e      0x29c can_controller.o
 .debug_macro   0x00008b2a       0x58 can_controller.o
 .debug_macro   0x00008b82      0x999 can_controller.o
 .debug_macro   0x0000951b      0x22d can_controller.o
 .debug_macro   0x00009748      0x4b4 can_controller.o
 .debug_macro   0x00009bfc      0x64a can_controller.o
 .debug_macro   0x0000a246      0x590 can_controller.o
 .debug_macro   0x0000a7d6       0x46 can_controller.o
 .debug_macro   0x0000a81c      0x33f can_controller.o
 .debug_macro   0x0000ab5b      0x27e can_controller.o
 .debug_macro   0x0000add9     0x14dc can_controller.o
 .debug_macro   0x0000c2b5      0x7cf can_controller.o
 .debug_macro   0x0000ca84       0x76 can_controller.o
 .debug_macro   0x0000cafa       0x82 can_controller.o
 .debug_macro   0x0000cb7c       0x76 can_controller.o
 .debug_macro   0x0000cbf2       0x4c can_controller.o
 .debug_macro   0x0000cc3e      0x100 can_controller.o
 .debug_macro   0x0000cd3e      0x100 can_controller.o
 .debug_macro   0x0000ce3e      0x100 can_controller.o
 .debug_macro   0x0000cf3e       0x88 can_controller.o
 .debug_macro   0x0000cfc6       0x88 can_controller.o
 .debug_macro   0x0000d04e      0x3b4 can_controller.o
 .debug_macro   0x0000d402       0xbe can_controller.o
 .debug_macro   0x0000d4c0       0xbe can_controller.o
 .debug_macro   0x0000d57e       0xbe can_controller.o
 .debug_macro   0x0000d63c       0xbe can_controller.o
 .debug_macro   0x0000d6fa      0x2b8 can_controller.o
 .debug_macro   0x0000d9b2      0x118 can_controller.o
 .debug_macro   0x0000daca      0x216 can_controller.o
 .debug_macro   0x0000dce0      0x216 can_controller.o
 .debug_macro   0x0000def6       0x2e can_controller.o
 .debug_macro   0x0000df24       0xac can_controller.o
 .debug_macro   0x0000dfd0      0x13e can_controller.o
 .debug_macro   0x0000e10e       0x7c can_controller.o
 .debug_macro   0x0000e18a      0x1f6 can_controller.o
 .debug_macro   0x0000e380       0x64 can_controller.o
 .debug_macro   0x0000e3e4       0xa6 can_controller.o
 .debug_macro   0x0000e48a       0x7c can_controller.o
 .debug_macro   0x0000e506       0x16 can_controller.o
 .debug_macro   0x0000e51c       0x22 can_controller.o
 .debug_macro   0x0000e53e       0x22 can_controller.o
 .debug_macro   0x0000e560      0x10c can_controller.o
 .debug_macro   0x0000e66c      0x10c can_controller.o
 .debug_macro   0x0000e778      0x10c can_controller.o
 .debug_macro   0x0000e884      0x10c can_controller.o
 .debug_macro   0x0000e990       0x1c can_controller.o
 .debug_macro   0x0000e9ac       0x2e can_controller.o
 .debug_macro   0x0000e9da       0x22 can_controller.o
 .debug_macro   0x0000e9fc       0x1c can_controller.o
 .debug_macro   0x0000ea18       0x58 can_controller.o
 .debug_macro   0x0000ea70       0x10 can_controller.o
 .debug_macro   0x0000ea80      0x27a can_controller.o
 .debug_macro   0x0000ecfa      0xd34 can_controller.o
 .debug_macro   0x0000fa2e      0x170 can_controller.o
 .debug_macro   0x0000fb9e      0x4dd can_interrupt.o
 .debug_macro   0x0001007b       0x52 can_interrupt.o
 .debug_macro   0x000100cd       0x8d can_interrupt.o
 .debug_macro   0x0001015a       0x35 can_interrupt.o
 .debug_macro   0x0001018f       0x9c can_interrupt.o
 .debug_macro   0x0001022b       0x16 can_interrupt.o
 .debug_macro   0x00010241       0x57 can_interrupt.o
 .debug_macro   0x00010298       0x97 can_interrupt.o
 .debug_macro   0x0001032f      0x353 can_interrupt.o
 .debug_macro   0x00010682       0xf6 can_interrupt.o
 .debug_macro   0x00010778       0x10 can_interrupt.o
 .debug_macro   0x00010788       0x58 can_interrupt.o
 .debug_macro   0x000107e0       0x1f can_interrupt.o
 .debug_macro   0x000107ff       0x43 can_interrupt.o
 .debug_macro   0x00010842       0x20 can_interrupt.o
 .debug_macro   0x00010862      0x187 can_interrupt.o
 .debug_macro   0x000109e9       0x10 can_interrupt.o
 .debug_macro   0x000109f9       0x1c can_interrupt.o
 .debug_macro   0x00010a15       0x52 can_interrupt.o
 .debug_macro   0x00010a67       0x40 can_interrupt.o
 .debug_macro   0x00010aa7       0x10 can_interrupt.o
 .debug_macro   0x00010ab7       0x40 can_interrupt.o
 .debug_macro   0x00010af7       0xd7 can_interrupt.o
 .debug_macro   0x00010bce       0x16 can_interrupt.o
 .debug_macro   0x00010be4      0x18b can_interrupt.o
 .debug_macro   0x00010d6f       0x20 can_interrupt.o
 .debug_macro   0x00010d8f       0xbd can_interrupt.o
 .debug_macro   0x00010e4c      0x379 DAC_driver.o
 .debug_macro   0x000111c5      0x371 Device_Startup/startup_sam3xa.o
 .debug_macro   0x00011536      0x383 Device_Startup/system_sam3xa.o
 .debug_macro   0x000118b9      0x383 IR_driver.o
 .debug_macro   0x00011c3c      0x3cd main.o
 .debug_macro   0x00012009       0x10 main.o
 .debug_macro   0x00012019       0x2e main.o
 .debug_macro   0x00012047      0x3b4 motor_controller.o
 .debug_macro   0x000123fb       0x72 pid.o
 .debug_macro   0x0001246d       0x28 pid.o
 .debug_macro   0x00012495       0x8e printf-stdarg.o
 .debug_macro   0x00012523       0x58 printf-stdarg.o
 .debug_macro   0x0001257b      0x397 pwm_driver.o
 .debug_macro   0x00012912      0x374 uart.o

.debug_line     0x00000000     0x5315
 .debug_line    0x00000000      0x7f1 can_controller.o
 .debug_line    0x000007f1      0x880 can_interrupt.o
 .debug_line    0x00001071      0x70d DAC_driver.o
 .debug_line    0x0000177e      0x728 Device_Startup/startup_sam3xa.o
 .debug_line    0x00001ea6      0x785 Device_Startup/system_sam3xa.o
 .debug_line    0x0000262b      0x770 IR_driver.o
 .debug_line    0x00002d9b      0x7f1 main.o
 .debug_line    0x0000358c      0x834 motor_controller.o
 .debug_line    0x00003dc0      0x28a pid.o
 .debug_line    0x0000404a      0x3cb printf-stdarg.o
 .debug_line    0x00004415      0x797 pwm_driver.o
 .debug_line    0x00004bac      0x769 uart.o

.debug_str      0x00000000    0x55668
 .debug_str     0x00000000    0x50560 can_controller.o
                              0x50735 (size before relaxing)
 .debug_str     0x00050560     0x40b9 can_interrupt.o
                              0x5454a (size before relaxing)
 .debug_str     0x00054619       0xd3 DAC_driver.o
                              0x50183 (size before relaxing)
 .debug_str     0x000546ec      0x506 Device_Startup/startup_sam3xa.o
                              0x504b5 (size before relaxing)
 .debug_str     0x00054bf2      0x195 Device_Startup/system_sam3xa.o
                              0x50248 (size before relaxing)
 .debug_str     0x00054d87      0x14b IR_driver.o
                              0x503dc (size before relaxing)
 .debug_str     0x00054ed2      0x1e2 main.o
                              0x5045d (size before relaxing)
 .debug_str     0x000550b4       0x93 motor_controller.o
                              0x50585 (size before relaxing)
 .debug_str     0x00055147       0x54 pid.o
                               0x357c (size before relaxing)
 .debug_str     0x0005519b      0x17a printf-stdarg.o
                               0x363b (size before relaxing)
 .debug_str     0x00055315      0x250 pwm_driver.o
                              0x50571 (size before relaxing)
 .debug_str     0x00055565      0x103 uart.o
                              0x50692 (size before relaxing)

.debug_frame    0x00000000      0x8a4
 .debug_frame   0x00000000       0x90 can_controller.o
 .debug_frame   0x00000090       0x30 can_interrupt.o
 .debug_frame   0x000000c0       0x20 DAC_driver.o
 .debug_frame   0x000000e0       0x38 Device_Startup/startup_sam3xa.o
 .debug_frame   0x00000118       0x40 Device_Startup/system_sam3xa.o
 .debug_frame   0x00000158       0x5c IR_driver.o
 .debug_frame   0x000001b4       0x5c main.o
 .debug_frame   0x00000210       0xd8 motor_controller.o
 .debug_frame   0x000002e8       0x58 pid.o
 .debug_frame   0x00000340      0x124 printf-stdarg.o
 .debug_frame   0x00000464       0x60 pwm_driver.o
 .debug_frame   0x000004c4       0x58 uart.o
 .debug_frame   0x0000051c       0xac c:/program files (x86)/atmel/studio/7.0/toolchain/arm/arm-gnu-toolchain/bin/../lib/gcc/arm-none-eabi/6.3.1/thumb/v7-m\libgcc.a(_arm_addsubdf3.o)
 .debug_frame   0x000005c8       0x50 c:/program files (x86)/atmel/studio/7.0/toolchain/arm/arm-gnu-toolchain/bin/../lib/gcc/arm-none-eabi/6.3.1/thumb/v7-m\libgcc.a(_arm_muldivdf3.o)
 .debug_frame   0x00000618       0x24 c:/program files (x86)/atmel/studio/7.0/toolchain/arm/arm-gnu-toolchain/bin/../lib/gcc/arm-none-eabi/6.3.1/thumb/v7-m\libgcc.a(_arm_fixdfsi.o)
 .debug_frame   0x0000063c       0x24 c:/program files (x86)/atmel/studio/7.0/toolchain/arm/arm-gnu-toolchain/bin/../lib/gcc/arm-none-eabi/6.3.1/thumb/v7-m\libgcc.a(_arm_fixunsdfsi.o)
 .debug_frame   0x00000660       0x4c c:/program files (x86)/atmel/studio/7.0/toolchain/arm/arm-gnu-toolchain/bin/../lib/gcc/arm-none-eabi/6.3.1/thumb/v7-m\libgcc.a(_arm_addsubsf3.o)
 .debug_frame   0x000006ac       0x38 c:/program files (x86)/atmel/studio/7.0/toolchain/arm/arm-gnu-toolchain/bin/../lib/gcc/arm-none-eabi/6.3.1/thumb/v7-m\libgcc.a(_arm_muldivsf3.o)
 .debug_frame   0x000006e4       0x2c c:/program files (x86)/atmel/studio/7.0/toolchain/arm/arm-gnu-toolchain/bin/../lib/gcc/arm-none-eabi/6.3.1/../../../../arm-none-eabi/lib/thumb/v7-m\libc.a(lib_a-init.o)
 .debug_frame   0x00000710       0x5c c:/program files (x86)/atmel/studio/7.0/toolchain/arm/arm-gnu-toolchain/bin/../lib/gcc/arm-none-eabi/6.3.1/../../../../arm-none-eabi/lib/thumb/v7-m\libc.a(lib_a-__call_atexit.o)
 .debug_frame   0x0000076c       0x20 c:/program files (x86)/atmel/studio/7.0/toolchain/arm/arm-gnu-toolchain/bin/../lib/gcc/arm-none-eabi/6.3.1/../../../../arm-none-eabi/lib/thumb/v7-m\libc.a(lib_a-atexit.o)
 .debug_frame   0x0000078c       0x34 c:/program files (x86)/atmel/studio/7.0/toolchain/arm/arm-gnu-toolchain/bin/../lib/gcc/arm-none-eabi/6.3.1/../../../../arm-none-eabi/lib/thumb/v7-m\libc.a(lib_a-fini.o)
 .debug_frame   0x000007c0       0xb0 c:/program files (x86)/atmel/studio/7.0/toolchain/arm/arm-gnu-toolchain/bin/../lib/gcc/arm-none-eabi/6.3.1/../../../../arm-none-eabi/lib/thumb/v7-m\libc.a(lib_a-lock.o)
 .debug_frame   0x00000870       0x34 c:/program files (x86)/atmel/studio/7.0/toolchain/arm/arm-gnu-toolchain/bin/../lib/gcc/arm-none-eabi/6.3.1/../../../../arm-none-eabi/lib/thumb/v7-m\libc.a(lib_a-__atexit.o)
